
> blindhire@0.1.0 start
> next start -p 3053

   ▲ Next.js 15.2.4
   - Local:        http://localhost:3053
   - Network:      http://192.168.1.100:3053

 ✓ Starting...
 ✓ Ready in 2.8s
 ⨯ Error: Cannot find module './447.js'
Require stack:
- C:\Users\parth\Desktop\BlindHire\.next\server\webpack-runtime.js
- C:\Users\parth\Desktop\BlindHire\.next\server\pages\_document.js
- C:\Users\parth\Desktop\BlindHire\node_modules\next\dist\server\require.js
- C:\Users\parth\Desktop\BlindHire\node_modules\next\dist\server\load-components.js
- C:\Users\parth\Desktop\BlindHire\node_modules\next\dist\build\utils.js
- C:\Users\parth\Desktop\BlindHire\node_modules\next\dist\build\swc\options.js
- C:\Users\parth\Desktop\BlindHire\node_modules\next\dist\build\swc\index.js
- C:\Users\parth\Desktop\BlindHire\node_modules\next\dist\build\next-config-ts\transpile-config.js
- C:\Users\parth\Desktop\BlindHire\node_modules\next\dist\server\config.js
- C:\Users\parth\Desktop\BlindHire\node_modules\next\dist\cli\next-test.js
- C:\Users\parth\Desktop\BlindHire\node_modules\next\dist\bin\next
    at __webpack_require__.f.require (C:\Users\parth\Desktop\BlindHire\.next\server\webpack-runtime.js:223:28) {
  code: 'MODULE_NOT_FOUND',
  requireStack: [Array]
}
 ⨯ Error: Cannot find module './548.js'
Require stack:
- C:\Users\parth\Desktop\BlindHire\.next\server\webpack-runtime.js
- C:\Users\parth\Desktop\BlindHire\.next\server\pages\_document.js
- C:\Users\parth\Desktop\BlindHire\node_modules\next\dist\server\require.js
- C:\Users\parth\Desktop\BlindHire\node_modules\next\dist\server\load-components.js
- C:\Users\parth\Desktop\BlindHire\node_modules\next\dist\build\utils.js
- C:\Users\parth\Desktop\BlindHire\node_modules\next\dist\build\swc\options.js
- C:\Users\parth\Desktop\BlindHire\node_modules\next\dist\build\swc\index.js
- C:\Users\parth\Desktop\BlindHire\node_modules\next\dist\build\next-config-ts\transpile-config.js
- C:\Users\parth\Desktop\BlindHire\node_modules\next\dist\server\config.js
- C:\Users\parth\Desktop\BlindHire\node_modules\next\dist\cli\next-test.js
- C:\Users\parth\Desktop\BlindHire\node_modules\next\dist\bin\next
    at __webpack_require__.f.require (C:\Users\parth\Desktop\BlindHire\.next\server\webpack-runtime.js:223:28) {
  code: 'MODULE_NOT_FOUND',
  requireStack: [Array]
}
